<?xml version="1.0" encoding="UTF-8"?>
<testsuites tests="3" failures="0" disabled="0" errors="0" timestamp="2018-04-21T15:34:45" time="0.001" name="AllTests">
  <testsuite name="GetNumber" tests="1" failures="0" disabled="0" errors="0" time="0">
    <testcase name="SubTest1" status="run" time="0" classname="GetNumber" />
  </testsuite>
  <testsuite name="GetSquare" tests="1" failures="0" disabled="0" errors="0" time="0.001">
    <testcase name="SubTest1" status="run" time="0" classname="GetSquare" />
  </testsuite>
  <testsuite name="Speak" tests="1" failures="0" disabled="0" errors="0" time="0">
    <testcase name="SubTest1" status="run" time="0" classname="Speak" />
  </testsuite>
</testsuites>
